// Jest Snapshot v1, https://goo.gl/fbAQLP

exports[`Test ChooseCountryPanel component Render tests Render component without crashing 1`] = `ShallowWrapper {}`;
