// Jest Snapshot v1, https://goo.gl/fbAQLP

exports[`Rendering App component -  Initial App render 1`] = `ReactWrapper {}`;
